// Jest Snapshot v1, https://goo.gl/fbAQLP

exports[`LoginScreen Snapshot test should render correctly 1`] = `
<View
  style={
    Object {
      "alignItems": "center",
      "flex": 1,
      "justifyContent": "center",
    }
  }
>
  <Text>
    Login Screen
  </Text>
  <Text>
    is Auth: false
  </Text>
</View>
`;
